\BOOKMARK [1][-]{section.1}{\376\377\000I\000n\000t\000r\000o\000d\000u\000c\000t\000i\000o\000n}{}% 1
\BOOKMARK [1][-]{section.2}{\376\377\000M\000o\000d\000e\000l\000\040\000P\000e\000r\000f\000o\000r\000m\000a\000n\000c\000e}{}% 2
\BOOKMARK [1][-]{section.3}{\376\377\000R\000O\000C\000\040\000C\000u\000r\000v\000e\000s}{}% 3
\BOOKMARK [2][-]{subsection.3.1}{\376\377\000A\000r\000r\000h\000y\000t\000h\000m\000i\000a}{section.3}% 4
\BOOKMARK [2][-]{subsection.3.2}{\376\377\000H\000e\000a\000r\000t\000\040\000D\000a\000m\000a\000g\000e}{section.3}% 5
\BOOKMARK [2][-]{subsection.3.3}{\376\377\000C\000o\000n\000c\000e\000r\000n}{section.3}% 6
\BOOKMARK [1][-]{section.4}{\376\377\000C\000o\000n\000f\000u\000s\000i\000o\000n\000\040\000M\000a\000t\000r\000i\000c\000e\000s}{}% 7
\BOOKMARK [2][-]{subsection.4.1}{\376\377\000A\000r\000r\000h\000y\000t\000h\000m\000i\000a}{section.4}% 8
\BOOKMARK [2][-]{subsection.4.2}{\376\377\000H\000e\000a\000r\000t\000\040\000D\000a\000m\000a\000g\000e}{section.4}% 9
\BOOKMARK [2][-]{subsection.4.3}{\376\377\000C\000o\000n\000c\000e\000r\000n}{section.4}% 10
\BOOKMARK [1][-]{section.5}{\376\377\000F\000e\000a\000t\000u\000r\000e\000\040\000I\000m\000p\000o\000r\000t\000a\000n\000c\000e}{}% 11
\BOOKMARK [2][-]{subsection.5.1}{\376\377\000A\000r\000r\000h\000y\000t\000h\000m\000i\000a}{section.5}% 12
\BOOKMARK [2][-]{subsection.5.2}{\376\377\000H\000e\000a\000r\000t\000\040\000D\000a\000m\000a\000g\000e}{section.5}% 13
\BOOKMARK [2][-]{subsection.5.3}{\376\377\000C\000o\000n\000c\000e\000r\000n}{section.5}% 14
\BOOKMARK [1][-]{section.6}{\376\377\000M\000e\000t\000h\000o\000d\000s}{}% 15
\BOOKMARK [2][-]{subsection.6.1}{\376\377\000D\000a\000t\000a}{section.6}% 16
\BOOKMARK [2][-]{subsection.6.2}{\376\377\000M\000o\000d\000e\000l\000s}{section.6}% 17
\BOOKMARK [2][-]{subsection.6.3}{\376\377\000C\000r\000o\000s\000s\000-\000V\000a\000l\000i\000d\000a\000t\000i\000o\000n}{section.6}% 18
\BOOKMARK [2][-]{subsection.6.4}{\376\377\000F\000e\000a\000t\000u\000r\000e\000\040\000I\000m\000p\000o\000r\000t\000a\000n\000c\000e}{section.6}% 19
\BOOKMARK [1][-]{section.7}{\376\377\000C\000o\000n\000c\000l\000u\000s\000i\000o\000n}{}% 20
